e:\umario_jakowski-master\umario_jakowski-master\unext\x64\debug\vc143.pdb
e:\umario_jakowski-master\umario_jakowski-master\unext\x64\debug\vc143.idb
e:\umario_jakowski-master\umario_jakowski-master\unext\x64\debug\menuoption.obj
e:\umario_jakowski-master\umario_jakowski-master\unext\x64\debug\maplevel.obj
e:\umario_jakowski-master\umario_jakowski-master\unext\x64\debug\leveltext.obj
e:\umario_jakowski-master\umario_jakowski-master\unext\x64\debug\vector2.obj
e:\umario_jakowski-master\umario_jakowski-master\unext\x64\debug\hammer.obj
e:\umario_jakowski-master\umario_jakowski-master\unext\x64\debug\goombas.obj
e:\umario_jakowski-master\umario_jakowski-master\unext\x64\debug\flower.obj
e:\umario_jakowski-master\umario_jakowski-master\unext\x64\debug\flag.obj
e:\umario_jakowski-master\umario_jakowski-master\unext\x64\debug\fireball.obj
e:\umario_jakowski-master\umario_jakowski-master\unext\x64\debug\fire.obj
e:\umario_jakowski-master\umario_jakowski-master\unext\x64\debug\console.obj
e:\umario_jakowski-master\umario_jakowski-master\unext\x64\debug\coin.obj
e:\umario_jakowski-master\umario_jakowski-master\unext\x64\debug\cheepspawner.obj
e:\umario_jakowski-master\umario_jakowski-master\unext\x64\debug\cheep.obj
e:\umario_jakowski-master\umario_jakowski-master\unext\x64\debug\cfg.obj
e:\umario_jakowski-master\umario_jakowski-master\unext\x64\debug\bulletbillspawner.obj
e:\umario_jakowski-master\umario_jakowski-master\unext\x64\debug\bulletbill.obj
e:\umario_jakowski-master\umario_jakowski-master\unext\x64\debug\bubble.obj
e:\umario_jakowski-master\umario_jakowski-master\unext\x64\debug\bowser.obj
e:\umario_jakowski-master\umario_jakowski-master\unext\x64\debug\blockdebris.obj
e:\umario_jakowski-master\umario_jakowski-master\unext\x64\debug\block.obj
e:\umario_jakowski-master\umario_jakowski-master\unext\x64\debug\beetle.obj
e:\umario_jakowski-master\umario_jakowski-master\unext\x64\debug\aboutmenu.obj
e:\umario_jakowski-master\umario_jakowski-master\unext\x64\debug\pausemenu.obj
e:\umario_jakowski-master\umario_jakowski-master\unext\x64\debug\optionsmenu.obj
e:\umario_jakowski-master\umario_jakowski-master\unext\x64\debug\mushroom.obj
e:\umario_jakowski-master\umario_jakowski-master\unext\x64\debug\minion.obj
e:\umario_jakowski-master\umario_jakowski-master\unext\x64\debug\menumanager.obj
e:\umario_jakowski-master\umario_jakowski-master\unext\x64\debug\menu.obj
e:\umario_jakowski-master\umario_jakowski-master\unext\x64\debug\map.obj
e:\umario_jakowski-master\umario_jakowski-master\unext\x64\debug\mainmenu.obj
e:\umario_jakowski-master\umario_jakowski-master\unext\x64\debug\main.obj
e:\umario_jakowski-master\umario_jakowski-master\unext\x64\debug\loadingmenu.obj
e:\umario_jakowski-master\umario_jakowski-master\unext\x64\debug\leveleditor.obj
e:\umario_jakowski-master\umario_jakowski-master\unext\x64\debug\lakito.obj
e:\umario_jakowski-master\umario_jakowski-master\unext\x64\debug\event.obj
e:\umario_jakowski-master\umario_jakowski-master\unext\x64\debug\koppa.obj
e:\umario_jakowski-master\umario_jakowski-master\unext\x64\debug\img.obj
e:\umario_jakowski-master\umario_jakowski-master\unext\x64\debug\hammerbro.obj
e:\umario_jakowski-master\umario_jakowski-master\unext\x64\debug\vine.obj
e:\umario_jakowski-master\umario_jakowski-master\unext\x64\debug\upfire.obj
e:\umario_jakowski-master\umario_jakowski-master\unext\x64\debug\toad.obj
e:\umario_jakowski-master\umario_jakowski-master\unext\x64\debug\text.obj
e:\umario_jakowski-master\umario_jakowski-master\unext\x64\debug\star.obj
e:\umario_jakowski-master\umario_jakowski-master\unext\x64\debug\squid.obj
e:\umario_jakowski-master\umario_jakowski-master\unext\x64\debug\sprite.obj
e:\umario_jakowski-master\umario_jakowski-master\unext\x64\debug\spring.obj
e:\umario_jakowski-master\umario_jakowski-master\unext\x64\debug\spikey.obj
e:\umario_jakowski-master\umario_jakowski-master\unext\x64\debug\points.obj
e:\umario_jakowski-master\umario_jakowski-master\unext\x64\debug\playerfireball.obj
e:\umario_jakowski-master\umario_jakowski-master\unext\x64\debug\player.obj
e:\umario_jakowski-master\umario_jakowski-master\unext\x64\debug\platform.obj
e:\umario_jakowski-master\umario_jakowski-master\unext\x64\debug\plant.obj
e:\umario_jakowski-master\umario_jakowski-master\unext\x64\debug\pipe.obj
e:\umario_jakowski-master\umario_jakowski-master\unext\x64\debug\music.obj
e:\umario_jakowski-master\umario_jakowski-master\unext\x64\debug\core.obj
e:\umario_jakowski-master\umario_jakowski-master\unext\x64\debug\loginmenu.obj
e:\umario_jakowski-master\umario_jakowski-master\x64\debug\unext.exe
e:\umario_jakowski-master\umario_jakowski-master\x64\debug\unext.pdb
e:\umario_jakowski-master\umario_jakowski-master\unext\x64\debug\unext.res
e:\umario_jakowski-master\umario_jakowski-master\x64\debug\sdl2d.dll
e:\umario_jakowski-master\umario_jakowski-master\unext\x64\debug\unext.ilk
e:\umario_jakowski-master\umario_jakowski-master\unext\x64\debug\unext.tlog\cl.command.1.tlog
e:\umario_jakowski-master\umario_jakowski-master\unext\x64\debug\unext.tlog\cl.items.tlog
e:\umario_jakowski-master\umario_jakowski-master\unext\x64\debug\unext.tlog\cl.read.1.tlog
e:\umario_jakowski-master\umario_jakowski-master\unext\x64\debug\unext.tlog\cl.write.1.tlog
e:\umario_jakowski-master\umario_jakowski-master\unext\x64\debug\unext.tlog\link.command.1.tlog
e:\umario_jakowski-master\umario_jakowski-master\unext\x64\debug\unext.tlog\link.read.1.tlog
e:\umario_jakowski-master\umario_jakowski-master\unext\x64\debug\unext.tlog\link.secondary.1.tlog
e:\umario_jakowski-master\umario_jakowski-master\unext\x64\debug\unext.tlog\link.write.1.tlog
e:\umario_jakowski-master\umario_jakowski-master\unext\x64\debug\unext.tlog\rc.command.1.tlog
e:\umario_jakowski-master\umario_jakowski-master\unext\x64\debug\unext.tlog\rc.read.1.tlog
e:\umario_jakowski-master\umario_jakowski-master\unext\x64\debug\unext.tlog\rc.write.1.tlog
e:\umario_jakowski-master\umario_jakowski-master\unext\x64\debug\unext.tlog\unext.write.1u.tlog
